BL51 BANKED LINKER/LOCATER V6.22                                                        02/10/2022  23:55:54  PAGE 1


BL51 BANKED LINKER/LOCATER V6.22, INVOKED BY:
D:\KEIL_51\C51\BIN\BL51.EXE .\Objects\STARTUP.obj, .\Objects\51.obj TO .\Objects\kj PRINT (.\Listings\kj.m51) RAMSIZE (2
>> 56)


MEMORY MODEL: SMALL


INPUT MODULES INCLUDED:
  .\Objects\STARTUP.obj (?C_STARTUP)
  .\Objects\51.obj (51)


LINK MAP OF MODULE:  .\Objects\kj (?C_STARTUP)


            TYPE    BASE      LENGTH    RELOCATION   SEGMENT NAME
            -----------------------------------------------------

            * * * * * * *   D A T A   M E M O R Y   * * * * * * *
            REG     0000H     0008H     ABSOLUTE     "REG BANK 0"
            DATA    0008H     0001H     UNIT         _DATA_GROUP_
            IDATA   0009H     0001H     UNIT         ?STACK

            * * * * * * *   C O D E   M E M O R Y   * * * * * * *
            CODE    0000H     0003H     ABSOLUTE     
            CODE    0003H     004EH     UNIT         ?PR?MAIN?51
            CODE    0051H     001EH     UNIT         ?PR?_DELAYMS?51
            CODE    006FH     001EH     UNIT         ?PR?ACK?51
            CODE    008DH     001EH     UNIT         ?PR?_WRITE_BYTE?51
            CODE    00ABH     001AH     UNIT         ?PR?_SETPWM?51
            CODE    00C5H     0016H     UNIT         ?PR?_LU9685_RESET?51
            CODE    00DBH     000FH     UNIT         ?PR?START?51
            CODE    00EAH     000CH     UNIT         ?C_C51STARTUP
            CODE    00F6H     000BH     UNIT         ?PR?DELAYUS?51
            CODE    0101H     000AH     UNIT         ?PR?INIT?51
            CODE    010BH     000AH     UNIT         ?PR?STOP?51



OVERLAY MAP OF MODULE:   .\Objects\kj (?C_STARTUP)


SEGMENT                          DATA_GROUP 
  +--> CALLED SEGMENT          START    LENGTH
----------------------------------------------
?C_C51STARTUP                  -----    -----
  +--> ?PR?MAIN?51

?PR?MAIN?51                    -----    -----
  +--> ?PR?INIT?51
  +--> ?PR?_LU9685_RESET?51
  +--> ?PR?_SETPWM?51
  +--> ?PR?_DELAYMS?51

?PR?INIT?51                    -----    -----
  +--> ?PR?DELAYUS?51

BL51 BANKED LINKER/LOCATER V6.22                                                      02/10/2022  23:55:54  PAGE 2


?PR?_LU9685_RESET?51           -----    -----
  +--> ?PR?ACK?51
  +--> ?PR?_WRITE_BYTE?51
  +--> ?PR?STOP?51

?PR?ACK?51                     0008H    0001H
  +--> ?PR?START?51
  +--> ?PR?_WRITE_BYTE?51
  +--> ?PR?DELAYUS?51

?PR?START?51                   -----    -----
  +--> ?PR?DELAYUS?51

?PR?_WRITE_BYTE?51             -----    -----
  +--> ?PR?DELAYUS?51

?PR?STOP?51                    -----    -----
  +--> ?PR?DELAYUS?51

?PR?_SETPWM?51                 -----    -----
  +--> ?PR?ACK?51
  +--> ?PR?_WRITE_BYTE?51
  +--> ?PR?STOP?51



SYMBOL TABLE OF MODULE:  .\Objects\kj (?C_STARTUP)

  VALUE           TYPE          NAME
  ----------------------------------

  -------         MODULE        ?C_STARTUP
  C:00EAH         SEGMENT       ?C_C51STARTUP
  I:0009H         SEGMENT       ?STACK
  C:0000H         PUBLIC        ?C_STARTUP
  D:00E0H         SYMBOL        ACC
  D:00F0H         SYMBOL        B
  D:0083H         SYMBOL        DPH
  D:0082H         SYMBOL        DPL
  N:0000H         SYMBOL        IBPSTACK
  N:0100H         SYMBOL        IBPSTACKTOP
  N:0080H         SYMBOL        IDATALEN
  C:00EDH         SYMBOL        IDATALOOP
  N:0000H         SYMBOL        PBPSTACK
  N:0100H         SYMBOL        PBPSTACKTOP
  N:0000H         SYMBOL        PDATALEN
  N:0000H         SYMBOL        PDATASTART
  N:0000H         SYMBOL        PPAGE
  N:0000H         SYMBOL        PPAGEENABLE
  D:00A0H         SYMBOL        PPAGE_SFR
  D:0081H         SYMBOL        SP
  C:00EAH         SYMBOL        STARTUP1
  N:0000H         SYMBOL        XBPSTACK
  N:0000H         SYMBOL        XBPSTACKTOP
  N:0000H         SYMBOL        XDATALEN
  N:0000H         SYMBOL        XDATASTART
  C:0000H         LINE#         126
BL51 BANKED LINKER/LOCATER V6.22                                                      02/10/2022  23:55:54  PAGE 3


  C:00EAH         LINE#         133
  C:00ECH         LINE#         134
  C:00EDH         LINE#         135
  C:00EEH         LINE#         136
  C:00F0H         LINE#         185
  C:00F3H         LINE#         196
  -------         ENDMOD        ?C_STARTUP

  -------         MODULE        51
  C:0000H         SYMBOL        _ICE_DUMMY_
  D:0090H         PUBLIC        P1
  D:00A0H         PUBLIC        P2
  D:00B0H         PUBLIC        P3
  C:00C5H         PUBLIC        _LU9685_reset
  D:00A8H         PUBLIC        IE
  D:00B8H         PUBLIC        IP
  B:00D0H.7       PUBLIC        CY
  C:0003H         PUBLIC        main
  C:00DBH         PUBLIC        start
  D:0098H         PUBLIC        SCON
  D:0088H         PUBLIC        TCON
  C:0101H         PUBLIC        init
  B:00A0H.7       PUBLIC        sda
  C:00ABH         PUBLIC        _setPWM
  B:00A0H.6       PUBLIC        scl
  C:008DH         PUBLIC        _write_byte
  C:010BH         PUBLIC        stop
  C:0075H         PUBLIC        ACK
  D:00C8H         PUBLIC        T2CON
  C:0051H         PUBLIC        _delayms
  D:00D0H         PUBLIC        PSW
  C:00FBH         PUBLIC        delayus
  -------         PROC          _DELAYMS
  D:0006H         SYMBOL        z
  -------         DO            
  D:0006H         SYMBOL        x
  D:0004H         SYMBOL        y
  -------         ENDDO         
  C:0051H         LINE#         10
  C:0051H         LINE#         11
  C:0051H         LINE#         13
  C:005AH         LINE#         14
  C:006EH         LINE#         15
  -------         ENDPROC       _DELAYMS
  C:00F6H         SYMBOL        L?0040
  -------         PROC          L?0039
  -------         ENDPROC       L?0039
  C:00F6H         SYMBOL        L?0040
  -------         PROC          DELAYUS
  C:00FBH         LINE#         16
  C:00FBH         LINE#         17
  C:00FBH         LINE#         18
  C:00FCH         LINE#         19
  C:00FDH         LINE#         20
  C:00FEH         LINE#         21
  C:00FFH         LINE#         22
  C:0100H         LINE#         24
BL51 BANKED LINKER/LOCATER V6.22                                                      02/10/2022  23:55:54  PAGE 4


  -------         ENDPROC       DELAYUS
  -------         PROC          INIT
  C:0101H         LINE#         28
  C:0101H         LINE#         29
  C:0101H         LINE#         30
  C:0103H         LINE#         31
  C:0106H         LINE#         32
  C:0108H         LINE#         33
  -------         ENDPROC       INIT
  -------         PROC          START
  C:00DBH         LINE#         38
  C:00DBH         LINE#         39
  C:00DBH         LINE#         40
  C:00DDH         LINE#         41
  C:00DDH         LINE#         42
  C:00DDH         LINE#         43
  C:00E0H         LINE#         44
  C:00E2H         LINE#         45
  C:00E5H         LINE#         46
  C:00E7H         LINE#         47
  -------         ENDPROC       START
  -------         PROC          STOP
  C:010BH         LINE#         52
  C:010BH         LINE#         53
  C:010BH         LINE#         54
  C:010DH         LINE#         55
  C:010DH         LINE#         56
  C:010DH         LINE#         57
  C:0110H         LINE#         58
  C:0112H         LINE#         59
  -------         ENDPROC       STOP
  -------         PROC          L?0038
  -------         ENDPROC       L?0038
  -------         PROC          ACK
  -------         DO            
  D:0008H         SYMBOL        i
  -------         ENDDO         
  C:0075H         LINE#         64
  C:0075H         LINE#         65
  C:0075H         LINE#         67
  C:0077H         LINE#         68
  C:007AH         LINE#         69
  C:0084H         LINE#         70
  C:0088H         LINE#         71
  C:008AH         LINE#         72
  -------         ENDPROC       ACK
  -------         PROC          _WRITE_BYTE
  D:0007H         SYMBOL        byte
  -------         DO            
  D:0006H         SYMBOL        i
  D:0007H         SYMBOL        temp
  -------         ENDDO         
  C:008DH         LINE#         77
  C:008DH         LINE#         78
  C:008DH         LINE#         80
  C:008DH         LINE#         81
  C:008FH         LINE#         82
BL51 BANKED LINKER/LOCATER V6.22                                                      02/10/2022  23:55:54  PAGE 5


  C:008FH         LINE#         83
  C:0093H         LINE#         84
  C:0095H         LINE#         85
  C:0098H         LINE#         86
  C:009AH         LINE#         87
  C:009AH         LINE#         88
  C:009AH         LINE#         89
  C:009DH         LINE#         90
  C:00A1H         LINE#         91
  C:00A3H         LINE#         92
  C:00A6H         LINE#         93
  C:00A8H         LINE#         94
  -------         ENDPROC       _WRITE_BYTE
  -------         PROC          _SETPWM
  D:0006H         SYMBOL        adder
  D:0005H         SYMBOL        num
  D:0004H         SYMBOL        off
  C:00ABH         LINE#         101
  C:00AFH         LINE#         102
  C:00AFH         LINE#         103
  C:00AFH         LINE#         104
  C:00AFH         LINE#         105
  C:00B2H         LINE#         106
  C:00B7H         LINE#         107
  C:00BAH         LINE#         108
  C:00BFH         LINE#         109
  C:00C2H         LINE#         110
  -------         ENDPROC       _SETPWM
  -------         PROC          _LU9685_RESET
  D:0007H         SYMBOL        adder
  C:00C5H         LINE#         112
  C:00C5H         LINE#         113
  C:00C5H         LINE#         114
  C:00C5H         LINE#         115
  C:00C5H         LINE#         116
  C:00C8H         LINE#         117
  C:00CDH         LINE#         118
  C:00D0H         LINE#         119
  C:00D5H         LINE#         120
  C:00D8H         LINE#         121
  -------         ENDPROC       _LU9685_RESET
  -------         PROC          MAIN
  -------         DO            
  D:0002H         SYMBOL        m
  D:0001H         SYMBOL        n
  -------         ENDDO         
  C:0003H         LINE#         123
  C:0003H         LINE#         124
  C:0003H         LINE#         127
  C:0006H         LINE#         129
  C:000BH         LINE#         130
  C:000BH         LINE#         131
  C:000BH         LINE#         132
  C:000DH         LINE#         133
  C:000DH         LINE#         134
  C:000FH         LINE#         135
  C:000FH         LINE#         136
BL51 BANKED LINKER/LOCATER V6.22                                                      02/10/2022  23:55:54  PAGE 6


  C:0018H         LINE#         137
  C:001FH         LINE#         138
  C:0023H         LINE#         139
  C:002AH         LINE#         140
  C:002CH         LINE#         141
  C:002CH         LINE#         142
  C:002EH         LINE#         143
  C:002EH         LINE#         144
  C:003DH         LINE#         145
  C:0044H         LINE#         146
  C:0048H         LINE#         147
  C:004FH         LINE#         148
  -------         ENDPROC       MAIN
  -------         ENDMOD        51

Program Size: data=10.0 xdata=0 code=277
LINK/LOCATE RUN COMPLETE.  0 WARNING(S),  0 ERROR(S)
